
> youthfriendly@0.1.0 build
> next build --turbopack

node.exe :  ÔÜá Warning: Next.js inferred 
your workspace root, but it may not be 
correct.
At C:\Program Files\nodejs\npm.ps1:29 
char:3
+   & $NODE_EXE $NPM_CLI_JS $args
+   ~~~~~~~~~~~~~~~~~~~~~~~~~~~~~
    + CategoryInfo          : NotSpecifie 
   d: ( ÔÜá Warning: N...not be correct.  
  :String) [], RemoteException
    + FullyQualifiedErrorId : NativeComma 
   ndError
 
 We detected multiple lockfiles and 
selected the directory of C:\Users\Ege 
Work\package-lock.json as the root 
directory.
 To silence this warning, set 
`turbopack.root` in your Next.js config, 
or consider removing one of the lockfiles 
if it's not needed.
   See https://nextjs.org/docs/app/api-ref
erence/config/next-config-js/turbopack#roo
t-directory for more information.
 Detected additional lockfiles: 
   * C:\Users\Ege Work\Desktop\next-apps\y
outhfriendly\package-lock.json

   Ôû▓ Next.js 15.5.7 (Turbopack)
   - Environments: .env

   Creating an optimized production build ...
 Ô£ô Finished writing to disk in 150ms
 Ô£ô Compiled successfully in 13.1s
   Linting and checking validity of types ...

Failed to compile.

./app/(main)/food-bank/donate/page.tsx
61:14  Warning: 'error' is defined but 
never used.  
@typescript-eslint/no-unused-vars

./app/(main)/food-bank/page.tsx
140:9  Warning: 'totalDonationsAmount' is 
assigned a value but never used.  
@typescript-eslint/no-unused-vars

./app/(main)/page.tsx
38:13  Warning: Using `<img>` could 
result in slower LCP and higher 
bandwidth. Consider using `<Image />` 
from `next/image` or a custom image 
loader to automatically optimize images. 
This may incur additional usage or cost 
from your provider. See: https://nextjs.or
g/docs/messages/no-img-element  
@next/next/no-img-element
39:13  Warning: Using `<img>` could 
result in slower LCP and higher 
bandwidth. Consider using `<Image />` 
from `next/image` or a custom image 
loader to automatically optimize images. 
This may incur additional usage or cost 
from your provider. See: https://nextjs.or
g/docs/messages/no-img-element  
@next/next/no-img-element
40:13  Warning: Using `<img>` could 
result in slower LCP and higher 
bandwidth. Consider using `<Image />` 
from `next/image` or a custom image 
loader to automatically optimize images. 
This may incur additional usage or cost 
from your provider. See: https://nextjs.or
g/docs/messages/no-img-element  
@next/next/no-img-element
41:13  Warning: Using `<img>` could 
result in slower LCP and higher 
bandwidth. Consider using `<Image />` 
from `next/image` or a custom image 
loader to automatically optimize images. 
This may incur additional usage or cost 
from your provider. See: https://nextjs.or
g/docs/messages/no-img-element  
@next/next/no-img-element
110:15  Warning: Using `<img>` could 
result in slower LCP and higher 
bandwidth. Consider using `<Image />` 
from `next/image` or a custom image 
loader to automatically optimize images. 
This may incur additional usage or cost 
from your provider. See: https://nextjs.or
g/docs/messages/no-img-element  
@next/next/no-img-element

./app/admin/(dashboard)/donations/Donation
sList.tsx
9:5  Warning: 'MoreVertical' is defined 
but never used.  
@typescript-eslint/no-unused-vars
10:5  Warning: 'ArrowUpRight' is defined 
but never used.  
@typescript-eslint/no-unused-vars
25:23  Error: Unexpected any. Specify a 
different type.  
@typescript-eslint/no-explicit-any
35:52  Error: Unexpected any. Specify a 
different type.  
@typescript-eslint/no-explicit-any
51:18  Warning: 'error' is defined but 
never used.  
@typescript-eslint/no-unused-vars
69:18  Warning: 'error' is defined but 
never used.  
@typescript-eslint/no-unused-vars
181:56  Error: Unexpected any. Specify a 
different type.  
@typescript-eslint/no-explicit-any

./app/admin/(dashboard)/donations/loading.
tsx
1:19  Warning: 'Wallet' is defined but 
never used.  
@typescript-eslint/no-unused-vars
1:27  Warning: 'Package' is defined but 
never used.  
@typescript-eslint/no-unused-vars
1:36  Warning: 'TrendingUp' is defined 
but never used.  
@typescript-eslint/no-unused-vars

./app/admin/(dashboard)/donors/DonorsList.
tsx
8:5  Warning: 'MoreVertical' is defined 
but never used.  
@typescript-eslint/no-unused-vars
12:5  Warning: 'History' is defined but 
never used.  
@typescript-eslint/no-unused-vars
13:5  Warning: 'ExternalLink' is defined 
but never used.  
@typescript-eslint/no-unused-vars
23:20  Error: Unexpected any. Specify a 
different type.  
@typescript-eslint/no-explicit-any
50:18  Warning: 'error' is defined but 
never used.  
@typescript-eslint/no-unused-vars
65:18  Warning: 'error' is defined but 
never used.  
@typescript-eslint/no-unused-vars
175:92  Error: Unexpected any. Specify a 
different type.  
@typescript-eslint/no-explicit-any

./app/admin/(dashboard)/donors/loading.tsx
1:19  Warning: 'UserPlus' is defined but 
never used.  
@typescript-eslint/no-unused-vars
1:29  Warning: 'Heart' is defined but 
never used.  
@typescript-eslint/no-unused-vars

./app/admin/(dashboard)/page.tsx
5:5  Warning: 'DonationIcon' is defined 
but never used.  
@typescript-eslint/no-unused-vars
35:82  Error: `'` can be escaped with 
`&apos;`, `&lsquo;`, `&#39;`, `&rsquo;`.  
react/no-unescaped-entities
35:89  Error: `'` can be escaped with 
`&apos;`, `&lsquo;`, `&#39;`, `&rsquo;`.  
react/no-unescaped-entities

./app/admin/(dashboard)/services/ServicesL
ist.tsx
17:22  Error: Unexpected any. Specify a 
different type.  
@typescript-eslint/no-explicit-any
22:46  Error: Unexpected any. Specify a 
different type.  
@typescript-eslint/no-explicit-any
25:58  Error: Unexpected any. Specify a 
different type.  
@typescript-eslint/no-explicit-any
36:39  Error: Unexpected any. Specify a 
different type.  
@typescript-eslint/no-explicit-any
41:34  Error: Unexpected any. Specify a 
different type.  
@typescript-eslint/no-explicit-any
105:41  Error: Unexpected any. Specify a 
different type.  
@typescript-eslint/no-explicit-any

./app/admin/(dashboard)/settings/page.tsx
11:5  Warning: 'ChevronRight' is defined 
but never used.  
@typescript-eslint/no-unused-vars

./app/admin/(dashboard)/users/UsersList.ts
x
14:5  Warning: 'Save' is defined but 
never used.  
@typescript-eslint/no-unused-vars
22:19  Error: Unexpected any. Specify a 
different type.  
@typescript-eslint/no-explicit-any
29:19  Warning: 'setUsers' is assigned a 
value but never used.  
@typescript-eslint/no-unused-vars
134:38  Warning: 'error' is defined but 
never used.  
@typescript-eslint/no-unused-vars

./app/admin/login/page.tsx
29:18  Warning: 'err' is defined but 
never used.  
@typescript-eslint/no-unused-vars

./components/Footer.tsx
9:90  Warning: Using `<img>` could result 
in slower LCP and higher bandwidth. 
Consider using `<Image />` from 
`next/image` or a custom image loader to 
automatically optimize images. This may 
incur additional usage or cost from your 
provider. See: https://nextjs.org/docs/mes
sages/no-img-element  
@next/next/no-img-element
9:90  Warning: img elements must have an 
alt prop, either with meaningful text, or 
an empty string for decorative images.  
jsx-a11y/alt-text

info  - Need to disable some ESLint 
rules? Learn more here: https://nextjs.org
/docs/app/api-reference/config/eslint#disa
bling-rules
